// Jest Snapshot v1, https://goo.gl/fbAQLP

exports[`Spinner component should render the Spinner component correctly 1`] = `
<div
  className="makeStyles-root-1"
>
  <WithStyles(ForwardRef(CircularProgress))
    color="primary"
  />
</div>
`;
