// Jest Snapshot v1, https://goo.gl/fbAQLP

exports[`TabPanel component should render the TabPanel component correctly 1`] = `
<div>
  <ChildComponent />
</div>
`;
