// Jest Snapshot v1, https://goo.gl/fbAQLP

exports[`Layout component should render the Layout component correctly 1`] = `
<Fragment>
  <Header
    onOpenDrawer={[Function]}
  />
  <Drawer
    isOpen={false}
    onClose={[Function]}
  />
  <Connect(DialogRoot) />
  <ChildComponent />
</Fragment>
`;
