// Jest Snapshot v1, https://goo.gl/fbAQLP

exports[`MovieList component should render the MovieList component correctly 1`] = `
<InfiniteScroll
  activationDistance={20}
  onLoadMore={[MockFunction]}
>
  <div
    className="makeStyles-root-1 makeStyles-root-3"
  >
    <MovieListItem
      key="419704"
      movie={
        Object {
          "backdropPath": "/5BwqwxMEjeFtdknRV792Svo0K1v.jpg",
          "id": 419704,
          "overview": "The near future, a time when both hope and hardships drive humanity to look to the stars and beyond. While a mysterious phenomenon menaces to destroy life on planet Earth, astronaut Roy McBride undertakes a mission across the immensity of space and its many perils to uncover the truth about a lost expedition that decades before boldly faced emptiness and silence in search of the unknown.",
          "posterPath": "/xBHvZcjRiWyobQ9kxBhO6B2dtRI.jpg",
          "releaseDate": "2019-09-17",
          "title": "Ad Astra",
          "voteAverage": 3,
          "voteCount": 3260,
        }
      }
    />
    <MovieListItem
      key="545609"
      movie={
        Object {
          "backdropPath": "/1R6cvRtZgsYCkh8UFuWFN33xBP4.jpg",
          "id": 545609,
          "overview": "Tyler Rake, a fearless mercenary who offers his services on the black market, embarks on a dangerous mission when he is hired to rescue the kidnapped son of a Mumbai crime lordâ€¦",
          "posterPath": "/wlfDxbGEsW58vGhFljKkcR5IxDj.jpg",
          "releaseDate": "2020-04-24",
          "title": "Extraction",
          "voteAverage": 3.8,
          "voteCount": 1404,
        }
      }
    />
    <MovieListItem
      key="668203"
      movie={
        Object {
          "backdropPath": "/wuJpiGNGv7wLg52ONizLrOugYp9.jpg",
          "id": 668203,
          "overview": "[RUMORED]  The sixth and final installment of the Scary Movie franchise that ignores the fifth film. A parody of Scream 4 and various other horror movies, sequels and reboots that were released between the late 2010's and 2020. Takes place 15 years after the fourth film.",
          "posterPath": "/mWOkjqqzWiaFC65i2nFuMzM9jne.jpg",
          "releaseDate": "2021-04-02",
          "title": "Scary Movie 6",
          "voteAverage": 0,
          "voteCount": 0,
        }
      }
    />
  </div>
</InfiniteScroll>
`;
